// Jest Snapshot v1, https://goo.gl/fbAQLP

exports[`Checking the "ViewError" layer, before first initialization "renderError" method State before first initialization 1`] = `"<div class=\\"fake-selector\\"><div class=\\"fake-slider\\"></div></div>"`;
